Mplus VERSION 8.2
MUTHEN & MUTHEN
01/20/2024   8:47 PM

INPUT INSTRUCTIONS



      Title:     Bollen's political democracy example
      Data:      File      = democindus.txt;
                 listwise  = on;
      Variable:  Names     = y1 y2 y3 y4 y5 y6 y7 y8 x1 x2 x3;
      Analysis:
      !          model=nomeanstructure;
                 estimator=ML;
                 information=expected;
                 convergence=0.0000001;
      Model:
                 dem60 by y1 (1);
                 dem60 by y2 (2);
                 dem60 by y3 (3);
                 dem60 by y4 (4);
                 dem65 by y5 (1);
                 dem65 by y6 (2);
                 dem65 by y7 (3);
                 dem65 by y8 (4);
                 ind60 by x1 x2 x3;
                 dem60 on ind60;
                 dem65 on ind60 dem60;
                 y1 y2 y3 y4 y2 y6 pwith y5 y6 y7 y8 y4 y8;
      Output:    standardized;









INPUT READING TERMINATED NORMALLY



Bollen's political democracy example

SUMMARY OF ANALYSIS

Number of groups                                                 1
Number of observations                                          75

Number of dependent variables                                   11
Number of independent variables                                  0
Number of continuous latent variables                            3

Observed dependent variables

  Continuous
   Y1          Y2          Y3          Y4          Y5          Y6
   Y7          Y8          X1          X2          X3

Continuous latent variables
   DEM60       DEM65       IND60


Estimator                                                       ML
Information matrix                                        EXPECTED
Maximum number of iterations                                  1000
Convergence criterion                                    0.100D-06
Maximum number of steepest descent iterations                   20

Input data file(s)
  democindus.txt

Input data format  FREE



UNIVARIATE SAMPLE STATISTICS


     UNIVARIATE HIGHER-ORDER MOMENT DESCRIPTIVE STATISTICS

         Variable/         Mean/     Skewness/   Minimum/ % with                Percentiles
        Sample Size      Variance    Kurtosis    Maximum  Min/Max      20%/60%    40%/80%    Median

     Y1                    5.465      -0.093       1.250   10.67%       2.500      5.000      5.400
              75.000       6.787      -1.104      10.000    6.67%       6.900      7.500
     Y2                    4.256       0.325       0.000   34.67%       0.000      3.333      3.333
              75.000      15.372      -1.426      10.000   21.33%       4.800     10.000
     Y3                    6.563      -0.606       0.000   10.67%       3.333      6.667      6.667
              75.000      10.621      -0.657      10.000    1.33%       6.667     10.000
     Y4                    4.453       0.120       0.000   22.67%       0.000      3.333      3.333
              75.000      11.069      -1.164      10.000   10.67%       6.667      6.667
     Y5                    5.136      -0.233       0.000    6.67%       2.500      5.000      5.000
              75.000       6.735      -0.718      10.000    2.67%       6.250      7.500
     Y6                    2.978       0.911       0.000   40.00%       0.000      0.000      2.233
              75.000      11.224      -0.400      10.000   10.67%       3.333      6.667
     Y7                    6.196      -0.565       0.000   13.33%       3.333      6.667      6.667
              75.000      10.655      -0.672      10.000   26.67%       6.667     10.000
     Y8                    4.043       0.455       0.000   16.00%       0.368      3.333      3.333
              75.000      10.393      -0.906      10.000   12.00%       3.333      6.667
     X1                    5.054       0.259       3.784    1.33%       4.317      4.727      5.075
              75.000       0.530      -0.693       6.737    1.33%       5.226      5.631
     X2                    4.792      -0.353       1.386    1.33%       3.466      4.595      4.963
              75.000       2.252      -0.505       7.872    1.33%       5.236      6.203
     X3                    3.558       0.086       1.002    1.33%       2.113      3.167      3.568
              75.000       1.950      -0.880       6.425    1.33%       3.977      4.586


THE MODEL ESTIMATION TERMINATED NORMALLY



MODEL FIT INFORMATION

Number of Free Parameters                       39

Loglikelihood

          H0 Value                       -1548.818
          H1 Value                       -1528.728

Information Criteria

          Akaike (AIC)                    3175.636
          Bayesian (BIC)                  3266.018
          Sample-Size Adjusted BIC        3143.100
            (n* = (n + 2) / 24)

Chi-Square Test of Model Fit

          Value                             40.179
          Degrees of Freedom                    38
          P-Value                           0.3739

RMSEA (Root Mean Square Error Of Approximation)

          Estimate                           0.028
          90 Percent C.I.                    0.000  0.087
          Probability RMSEA <= .05           0.665

CFI/TLI

          CFI                                0.997
          TLI                                0.995

Chi-Square Test of Model Fit for the Baseline Model

          Value                            730.654
          Degrees of Freedom                    55
          P-Value                           0.0000

SRMR (Standardized Root Mean Square Residual)

          Value                              0.052



MODEL RESULTS

                                                    Two-Tailed
                    Estimate       S.E.  Est./S.E.    P-Value

 DEM60    BY
    Y1                 1.000      0.000    999.000    999.000
    Y2                 1.191      0.139      8.551      0.000
    Y3                 1.175      0.120      9.755      0.000
    Y4                 1.251      0.117     10.712      0.000

 DEM65    BY
    Y5                 1.000      0.000    999.000    999.000
    Y6                 1.191      0.139      8.551      0.000
    Y7                 1.175      0.120      9.755      0.000
    Y8                 1.251      0.117     10.712      0.000

 IND60    BY
    X1                 1.000      0.000    999.000    999.000
    X2                 2.180      0.138     15.751      0.000
    X3                 1.818      0.152     11.971      0.000

 DEM60    ON
    IND60              1.471      0.392      3.750      0.000

 DEM65    ON
    IND60              0.600      0.226      2.661      0.008
    DEM60              0.865      0.075     11.554      0.000

 Y1       WITH
    Y5                 0.583      0.356      1.637      0.102

 Y2       WITH
    Y6                 2.183      0.737      2.960      0.003
    Y4                 1.440      0.689      2.092      0.036

 Y3       WITH
    Y7                 0.712      0.611      1.165      0.244

 Y4       WITH
    Y8                 0.363      0.444      0.817      0.414

 Y6       WITH
    Y8                 1.372      0.577      2.378      0.017

 Intercepts
    Y1                 5.465      0.299     18.282      0.000
    Y2                 4.256      0.439      9.696      0.000
    Y3                 6.563      0.394     16.658      0.000
    Y4                 4.453      0.380     11.729      0.000
    Y5                 5.136      0.304     16.871      0.000
    Y6                 2.978      0.392      7.590      0.000
    Y7                 6.196      0.364     17.004      0.000
    Y8                 4.043      0.375     10.772      0.000
    X1                 5.054      0.084     60.127      0.000
    X2                 4.792      0.173     27.657      0.000
    X3                 3.558      0.161     22.066      0.000

 Variances
    IND60              0.449      0.087      5.175      0.000

 Residual Variances
    Y1                 1.855      0.433      4.279      0.000
    Y2                 7.581      1.366      5.549      0.000
    Y3                 4.956      0.956      5.182      0.000
    Y4                 3.224      0.723      4.458      0.000
    Y5                 2.313      0.479      4.831      0.000
    Y6                 4.968      0.921      5.393      0.000
    Y7                 3.560      0.710      5.018      0.000
    Y8                 3.308      0.704      4.701      0.000
    X1                 0.081      0.019      4.182      0.000
    X2                 0.120      0.070      1.729      0.084
    X3                 0.467      0.090      5.177      0.000
    DEM60              3.875      0.866      4.477      0.000
    DEM65              0.164      0.227      0.725      0.469


STANDARDIZED MODEL RESULTS


STDYX Standardization

                                                    Two-Tailed
                    Estimate       S.E.  Est./S.E.    P-Value

 DEM60    BY
    Y1                 0.850      0.041     20.916      0.000
    Y2                 0.690      0.060     11.583      0.000
    Y3                 0.758      0.052     14.696      0.000
    Y4                 0.838      0.042     20.115      0.000

 DEM65    BY
    Y5                 0.817      0.044     18.518      0.000
    Y6                 0.755      0.054     14.011      0.000
    Y7                 0.802      0.046     17.401      0.000
    Y8                 0.829      0.042     19.787      0.000

 IND60    BY
    X1                 0.920      0.023     40.077      0.000
    X2                 0.973      0.016     59.139      0.000
    X3                 0.872      0.031     28.087      0.000

 DEM60    ON
    IND60              0.448      0.103      4.334      0.000

 DEM65    ON
    IND60              0.187      0.071      2.642      0.008
    DEM60              0.884      0.051     17.238      0.000

 Y1       WITH
    Y5                 0.281      0.143      1.969      0.049

 Y2       WITH
    Y6                 0.356      0.096      3.714      0.000
    Y4                 0.291      0.114      2.547      0.011

 Y3       WITH
    Y7                 0.169      0.135      1.259      0.208

 Y4       WITH
    Y8                 0.111      0.129      0.863      0.388

 Y6       WITH
    Y8                 0.338      0.110      3.078      0.002

 Intercepts
    Y1                 2.111      0.203     10.391      0.000
    Y2                 1.120      0.142      7.863      0.000
    Y3                 1.924      0.184     10.443      0.000
    Y4                 1.354      0.156      8.689      0.000
    Y5                 1.948      0.190     10.263      0.000
    Y6                 0.876      0.135      6.513      0.000
    Y7                 1.963      0.191     10.293      0.000
    Y8                 1.244      0.150      8.303      0.000
    X1                 6.943      0.579     12.001      0.000
    X2                 3.194      0.285     11.199      0.000
    X3                 2.548      0.238     10.709      0.000

 Variances
    IND60              1.000      0.000    999.000    999.000

 Residual Variances
    Y1                 0.277      0.069      4.002      0.000
    Y2                 0.525      0.082      6.389      0.000
    Y3                 0.426      0.078      5.447      0.000
    Y4                 0.298      0.070      4.276      0.000
    Y5                 0.333      0.072      4.617      0.000
    Y6                 0.430      0.081      5.292      0.000
    Y7                 0.357      0.074      4.841      0.000
    Y8                 0.313      0.069      4.508      0.000
    X1                 0.154      0.042      3.635      0.000
    X2                 0.053      0.032      1.671      0.095
    X3                 0.239      0.054      4.419      0.000
    DEM60              0.800      0.092      8.648      0.000
    DEM65              0.035      0.049      0.729      0.466


STDY Standardization

                                                    Two-Tailed
                    Estimate       S.E.  Est./S.E.    P-Value

 DEM60    BY
    Y1                 0.850      0.041     20.916      0.000
    Y2                 0.690      0.060     11.583      0.000
    Y3                 0.758      0.052     14.696      0.000
    Y4                 0.838      0.042     20.115      0.000

 DEM65    BY
    Y5                 0.817      0.044     18.518      0.000
    Y6                 0.755      0.054     14.011      0.000
    Y7                 0.802      0.046     17.401      0.000
    Y8                 0.829      0.042     19.787      0.000

 IND60    BY
    X1                 0.920      0.023     40.077      0.000
    X2                 0.973      0.016     59.139      0.000
    X3                 0.872      0.031     28.087      0.000

 DEM60    ON
    IND60              0.448      0.103      4.334      0.000

 DEM65    ON
    IND60              0.187      0.071      2.642      0.008
    DEM60              0.884      0.051     17.238      0.000

 Y1       WITH
    Y5                 0.281      0.143      1.969      0.049

 Y2       WITH
    Y6                 0.356      0.096      3.714      0.000
    Y4                 0.291      0.114      2.547      0.011

 Y3       WITH
    Y7                 0.169      0.135      1.259      0.208

 Y4       WITH
    Y8                 0.111      0.129      0.863      0.388

 Y6       WITH
    Y8                 0.338      0.110      3.078      0.002

 Intercepts
    Y1                 2.111      0.203     10.391      0.000
    Y2                 1.120      0.142      7.863      0.000
    Y3                 1.924      0.184     10.443      0.000
    Y4                 1.354      0.156      8.689      0.000
    Y5                 1.948      0.190     10.263      0.000
    Y6                 0.876      0.135      6.513      0.000
    Y7                 1.963      0.191     10.293      0.000
    Y8                 1.244      0.150      8.303      0.000
    X1                 6.943      0.579     12.001      0.000
    X2                 3.194      0.285     11.199      0.000
    X3                 2.548      0.238     10.709      0.000

 Variances
    IND60              1.000      0.000    999.000    999.000

 Residual Variances
    Y1                 0.277      0.069      4.002      0.000
    Y2                 0.525      0.082      6.389      0.000
    Y3                 0.426      0.078      5.447      0.000
    Y4                 0.298      0.070      4.276      0.000
    Y5                 0.333      0.072      4.617      0.000
    Y6                 0.430      0.081      5.292      0.000
    Y7                 0.357      0.074      4.841      0.000
    Y8                 0.313      0.069      4.508      0.000
    X1                 0.154      0.042      3.635      0.000
    X2                 0.053      0.032      1.671      0.095
    X3                 0.239      0.054      4.419      0.000
    DEM60              0.800      0.092      8.648      0.000
    DEM65              0.035      0.049      0.729      0.466


STD Standardization

                                                    Two-Tailed
                    Estimate       S.E.  Est./S.E.    P-Value

 DEM60    BY
    Y1                 2.201      0.238      9.244      0.000
    Y2                 2.621      0.341      7.693      0.000
    Y3                 2.586      0.302      8.554      0.000
    Y4                 2.754      0.295      9.345      0.000

 DEM65    BY
    Y5                 2.154      0.240      8.986      0.000
    Y6                 2.565      0.327      7.841      0.000
    Y7                 2.530      0.289      8.763      0.000
    Y8                 2.694      0.290      9.295      0.000

 IND60    BY
    X1                 0.670      0.065     10.349      0.000
    X2                 1.460      0.128     11.422      0.000
    X3                 1.218      0.128      9.481      0.000

 DEM60    ON
    IND60              0.448      0.103      4.334      0.000

 DEM65    ON
    IND60              0.187      0.071      2.642      0.008
    DEM60              0.884      0.051     17.238      0.000

 Y1       WITH
    Y5                 0.583      0.356      1.637      0.102

 Y2       WITH
    Y6                 2.183      0.737      2.960      0.003
    Y4                 1.440      0.689      2.092      0.036

 Y3       WITH
    Y7                 0.712      0.611      1.165      0.244

 Y4       WITH
    Y8                 0.363      0.444      0.817      0.414

 Y6       WITH
    Y8                 1.372      0.577      2.378      0.017

 Intercepts
    Y1                 5.465      0.299     18.282      0.000
    Y2                 4.256      0.439      9.696      0.000
    Y3                 6.563      0.394     16.658      0.000
    Y4                 4.453      0.380     11.729      0.000
    Y5                 5.136      0.304     16.871      0.000
    Y6                 2.978      0.392      7.590      0.000
    Y7                 6.196      0.364     17.004      0.000
    Y8                 4.043      0.375     10.772      0.000
    X1                 5.054      0.084     60.127      0.000
    X2                 4.792      0.173     27.657      0.000
    X3                 3.558      0.161     22.066      0.000

 Variances
    IND60              1.000      0.000    999.000    999.000

 Residual Variances
    Y1                 1.855      0.433      4.279      0.000
    Y2                 7.581      1.366      5.549      0.000
    Y3                 4.956      0.956      5.182      0.000
    Y4                 3.224      0.723      4.458      0.000
    Y5                 2.313      0.479      4.831      0.000
    Y6                 4.968      0.921      5.393      0.000
    Y7                 3.560      0.710      5.018      0.000
    Y8                 3.308      0.704      4.701      0.000
    X1                 0.081      0.019      4.182      0.000
    X2                 0.120      0.070      1.729      0.084
    X3                 0.467      0.090      5.177      0.000
    DEM60              0.800      0.092      8.648      0.000
    DEM65              0.035      0.049      0.729      0.466


R-SQUARE

    Observed                                        Two-Tailed
    Variable        Estimate       S.E.  Est./S.E.    P-Value

    Y1                 0.723      0.069     10.458      0.000
    Y2                 0.475      0.082      5.792      0.000
    Y3                 0.574      0.078      7.348      0.000
    Y4                 0.702      0.070     10.058      0.000
    Y5                 0.667      0.072      9.259      0.000
    Y6                 0.570      0.081      7.005      0.000
    Y7                 0.643      0.074      8.701      0.000
    Y8                 0.687      0.069      9.893      0.000
    X1                 0.846      0.042     20.038      0.000
    X2                 0.947      0.032     29.570      0.000
    X3                 0.761      0.054     14.043      0.000

     Latent                                         Two-Tailed
    Variable        Estimate       S.E.  Est./S.E.    P-Value

    DEM60              0.200      0.092      2.167      0.030
    DEM65              0.965      0.049     19.829      0.000


QUALITY OF NUMERICAL RESULTS

     Condition Number for the Information Matrix              0.306E-03
       (ratio of smallest to largest eigenvalue)


     Beginning Time:  20:47:15
        Ending Time:  20:47:15
       Elapsed Time:  00:00:00



MUTHEN & MUTHEN
3463 Stoner Ave.
Los Angeles, CA  90066

Tel: (310) 391-9971
Fax: (310) 391-8971
Web: www.StatModel.com
Support: Support@StatModel.com

Copyright (c) 1998-2018 Muthen & Muthen
